------------------------------------------------------------
TimeQuest Timing Analyzer Summary
------------------------------------------------------------

Type  : Slow Model Setup 'CLOCK'
Slack : -2.619
TNS   : -42.602

Type  : Slow Model Setup 'temporizador:inst|74160:inst6|6'
Slack : -1.250
TNS   : -11.383

Type  : Slow Model Hold 'CLOCK'
Slack : -2.479
TNS   : -7.944

Type  : Slow Model Hold 'temporizador:inst|74160:inst6|6'
Slack : 0.257
TNS   : 0.000

Type  : Slow Model Recovery 'temporizador:inst|74160:inst6|6'
Slack : -1.784
TNS   : -7.136

Type  : Slow Model Removal 'temporizador:inst|74160:inst6|6'
Slack : 1.744
TNS   : 0.000

Type  : Slow Model Minimum Pulse Width 'CLOCK'
Slack : -1.380
TNS   : -29.380

Type  : Slow Model Minimum Pulse Width 'temporizador:inst|74160:inst6|6'
Slack : -0.634
TNS   : -20.288

Type  : Fast Model Setup 'CLOCK'
Slack : -0.784
TNS   : -7.005

Type  : Fast Model Setup 'temporizador:inst|74160:inst6|6'
Slack : -0.005
TNS   : -0.013

Type  : Fast Model Hold 'CLOCK'
Slack : -1.529
TNS   : -4.855

Type  : Fast Model Hold 'temporizador:inst|74160:inst6|6'
Slack : 0.163
TNS   : 0.000

Type  : Fast Model Recovery 'temporizador:inst|74160:inst6|6'
Slack : -0.386
TNS   : -1.544

Type  : Fast Model Removal 'temporizador:inst|74160:inst6|6'
Slack : 0.893
TNS   : 0.000

Type  : Fast Model Minimum Pulse Width 'CLOCK'
Slack : -1.380
TNS   : -29.380

Type  : Fast Model Minimum Pulse Width 'temporizador:inst|74160:inst6|6'
Slack : -0.552
TNS   : -17.664

------------------------------------------------------------
