Classic Timing Analyzer report for Temporizador_Decimo_de_Segundo
Fri Feb 23 14:41:20 2024
Quartus II Version 9.1 Build 350 03/24/2010 Service Pack 2 SJ Web Edition


---------------------
; Table of Contents ;
---------------------
  1. Legal Notice
  2. Timing Analyzer Summary
  3. Timing Analyzer Settings
  4. Clock Settings Summary
  5. Parallel Compilation
  6. Clock Setup: 'CLOCK'
  7. tco
  8. Timing Analyzer Messages



----------------
; Legal Notice ;
----------------
Copyright (C) 1991-2010 Altera Corporation
Your use of Altera Corporation's design tools, logic functions 
and other software and tools, and its AMPP partner logic 
functions, and any output files from any of the foregoing 
(including device programming or simulation files), and any 
associated documentation or information are expressly subject 
to the terms and conditions of the Altera Program License 
Subscription Agreement, Altera MegaCore Function License 
Agreement, or other applicable license agreement, including, 
without limitation, that your use is for the sole purpose of 
programming logic devices manufactured by Altera and sold by 
Altera or its authorized distributors.  Please refer to the 
applicable agreement for further details.



+---------------------------------------------------------------------------------------------------------------------------------------------------------------------------------------------------------------+
; Timing Analyzer Summary                                                                                                                                                                                       ;
+------------------------------+-------+---------------+----------------------------------+--------------------------------------------+---------------------------------+------------+----------+--------------+
; Type                         ; Slack ; Required Time ; Actual Time                      ; From                                       ; To                              ; From Clock ; To Clock ; Failed Paths ;
+------------------------------+-------+---------------+----------------------------------+--------------------------------------------+---------------------------------+------------+----------+--------------+
; Worst-case tco               ; N/A   ; None          ; 8.135 ns                         ; temporizador:inst|74160:inst6|9            ; LED1S                           ; CLOCK      ; --       ; 0            ;
; Clock Setup: 'CLOCK'         ; N/A   ; None          ; 332.12 MHz ( period = 3.011 ns ) ; temporizador:inst|74161:inst|f74161:sub|99 ; temporizador:inst|74160:inst6|9 ; CLOCK      ; CLOCK    ; 0            ;
; Total number of failed paths ;       ;               ;                                  ;                                            ;                                 ;            ;          ; 0            ;
+------------------------------+-------+---------------+----------------------------------+--------------------------------------------+---------------------------------+------------+----------+--------------+


+-----------------------------------------------------------------------------------------------------------------------------------------------------+
; Timing Analyzer Settings                                                                                                                            ;
+------------------------------------------------------------------------------------------------------+--------------------+------+----+-------------+
; Option                                                                                               ; Setting            ; From ; To ; Entity Name ;
+------------------------------------------------------------------------------------------------------+--------------------+------+----+-------------+
; Device Name                                                                                          ; EP2C35F672C6       ;      ;    ;             ;
; Timing Models                                                                                        ; Final              ;      ;    ;             ;
; Default hold multicycle                                                                              ; Same as Multicycle ;      ;    ;             ;
; Cut paths between unrelated clock domains                                                            ; On                 ;      ;    ;             ;
; Cut off read during write signal paths                                                               ; On                 ;      ;    ;             ;
; Cut off feedback from I/O pins                                                                       ; On                 ;      ;    ;             ;
; Report Combined Fast/Slow Timing                                                                     ; Off                ;      ;    ;             ;
; Ignore Clock Settings                                                                                ; Off                ;      ;    ;             ;
; Analyze latches as synchronous elements                                                              ; On                 ;      ;    ;             ;
; Enable Recovery/Removal analysis                                                                     ; Off                ;      ;    ;             ;
; Enable Clock Latency                                                                                 ; Off                ;      ;    ;             ;
; Use TimeQuest Timing Analyzer                                                                        ; Off                ;      ;    ;             ;
; Minimum Core Junction Temperature                                                                    ; 0                  ;      ;    ;             ;
; Maximum Core Junction Temperature                                                                    ; 85                 ;      ;    ;             ;
; Number of source nodes to report per destination node                                                ; 10                 ;      ;    ;             ;
; Number of destination nodes to report                                                                ; 10                 ;      ;    ;             ;
; Number of paths to report                                                                            ; 200                ;      ;    ;             ;
; Report Minimum Timing Checks                                                                         ; Off                ;      ;    ;             ;
; Use Fast Timing Models                                                                               ; Off                ;      ;    ;             ;
; Report IO Paths Separately                                                                           ; Off                ;      ;    ;             ;
; Perform Multicorner Analysis                                                                         ; On                 ;      ;    ;             ;
; Reports the worst-case path for each clock domain and analysis                                       ; Off                ;      ;    ;             ;
; Reports worst-case timing paths for each clock domain and analysis                                   ; On                 ;      ;    ;             ;
; Specifies the maximum number of worst-case timing paths to report for each clock domain and analysis ; 100                ;      ;    ;             ;
; Removes common clock path pessimism (CCPP) during slack computation                                  ; Off                ;      ;    ;             ;
; Output I/O Timing Endpoint                                                                           ; Near End           ;      ;    ;             ;
+------------------------------------------------------------------------------------------------------+--------------------+------+----+-------------+


+------------------------------------------------------------------------------------------------------------------------------------------------------------------------------------+
; Clock Settings Summary                                                                                                                                                             ;
+-----------------+--------------------+----------+------------------+---------------+--------------+----------+-----------------------+---------------------+--------+--------------+
; Clock Node Name ; Clock Setting Name ; Type     ; Fmax Requirement ; Early Latency ; Late Latency ; Based on ; Multiply Base Fmax by ; Divide Base Fmax by ; Offset ; Phase offset ;
+-----------------+--------------------+----------+------------------+---------------+--------------+----------+-----------------------+---------------------+--------+--------------+
; CLOCK           ;                    ; User Pin ; None             ; 0.000 ns      ; 0.000 ns     ; --       ; N/A                   ; N/A                 ; N/A    ;              ;
+-----------------+--------------------+----------+------------------+---------------+--------------+----------+-----------------------+---------------------+--------+--------------+


Parallel compilation was disabled, but you have multiple processors available. Enable parallel compilation to reduce compilation time.
+-------------------------------------+
; Parallel Compilation                ;
+----------------------------+--------+
; Processors                 ; Number ;
+----------------------------+--------+
; Number detected on machine ; 2      ;
; Maximum allowed            ; 1      ;
+----------------------------+--------+


+---------------------------------------------------------------------------------------------------------------------------------------------------------------------------------------------------------------------------------------------------------------------------------------------------------+
; Clock Setup: 'CLOCK'                                                                                                                                                                                                                                                                                    ;
+-----------------------------------------+-----------------------------------------------------+----------------------------------------------+----------------------------------------------+------------+----------+-----------------------------+---------------------------+-------------------------+
; Slack                                   ; Actual fmax (period)                                ; From                                         ; To                                           ; From Clock ; To Clock ; Required Setup Relationship ; Required Longest P2P Time ; Actual Longest P2P Time ;
+-----------------------------------------+-----------------------------------------------------+----------------------------------------------+----------------------------------------------+------------+----------+-----------------------------+---------------------------+-------------------------+
; N/A                                     ; 332.12 MHz ( period = 3.011 ns )                    ; temporizador:inst|74161:inst|f74161:sub|99   ; temporizador:inst|74160:inst6|9              ; CLOCK      ; CLOCK    ; None                        ; None                      ; 2.797 ns                ;
; N/A                                     ; 332.23 MHz ( period = 3.010 ns )                    ; temporizador:inst|74161:inst|f74161:sub|99   ; temporizador:inst|74160:inst6|8              ; CLOCK      ; CLOCK    ; None                        ; None                      ; 2.796 ns                ;
; N/A                                     ; 332.78 MHz ( period = 3.005 ns )                    ; temporizador:inst|74161:inst|f74161:sub|99   ; temporizador:inst|74160:inst6|7              ; CLOCK      ; CLOCK    ; None                        ; None                      ; 2.791 ns                ;
; N/A                                     ; 340.95 MHz ( period = 2.933 ns )                    ; temporizador:inst|74161:inst1|f74161:sub|110 ; temporizador:inst|74160:inst6|9              ; CLOCK      ; CLOCK    ; None                        ; None                      ; 2.719 ns                ;
; N/A                                     ; 341.06 MHz ( period = 2.932 ns )                    ; temporizador:inst|74161:inst1|f74161:sub|110 ; temporizador:inst|74160:inst6|8              ; CLOCK      ; CLOCK    ; None                        ; None                      ; 2.718 ns                ;
; N/A                                     ; 341.65 MHz ( period = 2.927 ns )                    ; temporizador:inst|74161:inst1|f74161:sub|110 ; temporizador:inst|74160:inst6|7              ; CLOCK      ; CLOCK    ; None                        ; None                      ; 2.713 ns                ;
; N/A                                     ; 344.23 MHz ( period = 2.905 ns )                    ; temporizador:inst|74161:inst1|f74161:sub|99  ; temporizador:inst|74160:inst6|9              ; CLOCK      ; CLOCK    ; None                        ; None                      ; 2.691 ns                ;
; N/A                                     ; 344.35 MHz ( period = 2.904 ns )                    ; temporizador:inst|74161:inst1|f74161:sub|99  ; temporizador:inst|74160:inst6|8              ; CLOCK      ; CLOCK    ; None                        ; None                      ; 2.690 ns                ;
; N/A                                     ; 344.47 MHz ( period = 2.903 ns )                    ; temporizador:inst|74161:inst|f74161:sub|99   ; temporizador:inst|74160:inst6|6              ; CLOCK      ; CLOCK    ; None                        ; None                      ; 2.688 ns                ;
; N/A                                     ; 344.47 MHz ( period = 2.903 ns )                    ; temporizador:inst|74161:inst|f74161:sub|99   ; temporizador:inst|74160:inst4|9              ; CLOCK      ; CLOCK    ; None                        ; None                      ; 2.688 ns                ;
; N/A                                     ; 344.95 MHz ( period = 2.899 ns )                    ; temporizador:inst|74161:inst1|f74161:sub|99  ; temporizador:inst|74160:inst6|7              ; CLOCK      ; CLOCK    ; None                        ; None                      ; 2.685 ns                ;
; N/A                                     ; 344.95 MHz ( period = 2.899 ns )                    ; temporizador:inst|74161:inst|f74161:sub|99   ; temporizador:inst|74160:inst4|7              ; CLOCK      ; CLOCK    ; None                        ; None                      ; 2.684 ns                ;
; N/A                                     ; 345.18 MHz ( period = 2.897 ns )                    ; temporizador:inst|74161:inst|f74161:sub|99   ; temporizador:inst|74160:inst4|8              ; CLOCK      ; CLOCK    ; None                        ; None                      ; 2.682 ns                ;
; N/A                                     ; 349.65 MHz ( period = 2.860 ns )                    ; temporizador:inst|74161:inst|f74161:sub|9    ; temporizador:inst|74160:inst6|9              ; CLOCK      ; CLOCK    ; None                        ; None                      ; 2.646 ns                ;
; N/A                                     ; 349.77 MHz ( period = 2.859 ns )                    ; temporizador:inst|74161:inst|f74161:sub|9    ; temporizador:inst|74160:inst6|8              ; CLOCK      ; CLOCK    ; None                        ; None                      ; 2.645 ns                ;
; N/A                                     ; 350.39 MHz ( period = 2.854 ns )                    ; temporizador:inst|74161:inst|f74161:sub|9    ; temporizador:inst|74160:inst6|7              ; CLOCK      ; CLOCK    ; None                        ; None                      ; 2.640 ns                ;
; N/A                                     ; 353.98 MHz ( period = 2.825 ns )                    ; temporizador:inst|74161:inst1|f74161:sub|110 ; temporizador:inst|74160:inst6|6              ; CLOCK      ; CLOCK    ; None                        ; None                      ; 2.610 ns                ;
; N/A                                     ; 353.98 MHz ( period = 2.825 ns )                    ; temporizador:inst|74161:inst1|f74161:sub|110 ; temporizador:inst|74160:inst4|9              ; CLOCK      ; CLOCK    ; None                        ; None                      ; 2.610 ns                ;
; N/A                                     ; 354.48 MHz ( period = 2.821 ns )                    ; temporizador:inst|74161:inst1|f74161:sub|110 ; temporizador:inst|74160:inst4|7              ; CLOCK      ; CLOCK    ; None                        ; None                      ; 2.606 ns                ;
; N/A                                     ; 354.74 MHz ( period = 2.819 ns )                    ; temporizador:inst|74161:inst1|f74161:sub|110 ; temporizador:inst|74160:inst4|8              ; CLOCK      ; CLOCK    ; None                        ; None                      ; 2.604 ns                ;
; N/A                                     ; 354.99 MHz ( period = 2.817 ns )                    ; temporizador:inst|74160:inst2|6              ; temporizador:inst|74160:inst6|9              ; CLOCK      ; CLOCK    ; None                        ; None                      ; 2.602 ns                ;
; N/A                                     ; 355.11 MHz ( period = 2.816 ns )                    ; temporizador:inst|74160:inst2|6              ; temporizador:inst|74160:inst6|8              ; CLOCK      ; CLOCK    ; None                        ; None                      ; 2.601 ns                ;
; N/A                                     ; 355.75 MHz ( period = 2.811 ns )                    ; temporizador:inst|74160:inst2|6              ; temporizador:inst|74160:inst6|7              ; CLOCK      ; CLOCK    ; None                        ; None                      ; 2.596 ns                ;
; N/A                                     ; 357.53 MHz ( period = 2.797 ns )                    ; temporizador:inst|74161:inst1|f74161:sub|99  ; temporizador:inst|74160:inst6|6              ; CLOCK      ; CLOCK    ; None                        ; None                      ; 2.582 ns                ;
; N/A                                     ; 357.53 MHz ( period = 2.797 ns )                    ; temporizador:inst|74161:inst1|f74161:sub|99  ; temporizador:inst|74160:inst4|9              ; CLOCK      ; CLOCK    ; None                        ; None                      ; 2.582 ns                ;
; N/A                                     ; 358.04 MHz ( period = 2.793 ns )                    ; temporizador:inst|74161:inst1|f74161:sub|99  ; temporizador:inst|74160:inst4|7              ; CLOCK      ; CLOCK    ; None                        ; None                      ; 2.578 ns                ;
; N/A                                     ; 358.17 MHz ( period = 2.792 ns )                    ; temporizador:inst|74161:inst1|f74161:sub|9   ; temporizador:inst|74160:inst6|9              ; CLOCK      ; CLOCK    ; None                        ; None                      ; 2.578 ns                ;
; N/A                                     ; 358.29 MHz ( period = 2.791 ns )                    ; temporizador:inst|74161:inst1|f74161:sub|9   ; temporizador:inst|74160:inst6|8              ; CLOCK      ; CLOCK    ; None                        ; None                      ; 2.577 ns                ;
; N/A                                     ; 358.29 MHz ( period = 2.791 ns )                    ; temporizador:inst|74161:inst1|f74161:sub|99  ; temporizador:inst|74160:inst4|8              ; CLOCK      ; CLOCK    ; None                        ; None                      ; 2.576 ns                ;
; N/A                                     ; 358.94 MHz ( period = 2.786 ns )                    ; temporizador:inst|74161:inst1|f74161:sub|9   ; temporizador:inst|74160:inst6|7              ; CLOCK      ; CLOCK    ; None                        ; None                      ; 2.572 ns                ;
; N/A                                     ; 359.71 MHz ( period = 2.780 ns )                    ; temporizador:inst|74161:inst|f74161:sub|110  ; temporizador:inst|74160:inst6|9              ; CLOCK      ; CLOCK    ; None                        ; None                      ; 2.566 ns                ;
; N/A                                     ; 359.84 MHz ( period = 2.779 ns )                    ; temporizador:inst|74161:inst|f74161:sub|110  ; temporizador:inst|74160:inst6|8              ; CLOCK      ; CLOCK    ; None                        ; None                      ; 2.565 ns                ;
; N/A                                     ; 360.49 MHz ( period = 2.774 ns )                    ; temporizador:inst|74161:inst|f74161:sub|110  ; temporizador:inst|74160:inst6|7              ; CLOCK      ; CLOCK    ; None                        ; None                      ; 2.560 ns                ;
; N/A                                     ; 363.37 MHz ( period = 2.752 ns )                    ; temporizador:inst|74161:inst|f74161:sub|9    ; temporizador:inst|74160:inst6|6              ; CLOCK      ; CLOCK    ; None                        ; None                      ; 2.537 ns                ;
; N/A                                     ; 363.37 MHz ( period = 2.752 ns )                    ; temporizador:inst|74161:inst|f74161:sub|9    ; temporizador:inst|74160:inst4|9              ; CLOCK      ; CLOCK    ; None                        ; None                      ; 2.537 ns                ;
; N/A                                     ; 363.90 MHz ( period = 2.748 ns )                    ; temporizador:inst|74161:inst|f74161:sub|9    ; temporizador:inst|74160:inst4|7              ; CLOCK      ; CLOCK    ; None                        ; None                      ; 2.533 ns                ;
; N/A                                     ; 364.17 MHz ( period = 2.746 ns )                    ; temporizador:inst|74161:inst|f74161:sub|9    ; temporizador:inst|74160:inst4|8              ; CLOCK      ; CLOCK    ; None                        ; None                      ; 2.531 ns                ;
; N/A                                     ; 369.14 MHz ( period = 2.709 ns )                    ; temporizador:inst|74160:inst2|6              ; temporizador:inst|74160:inst6|6              ; CLOCK      ; CLOCK    ; None                        ; None                      ; 2.493 ns                ;
; N/A                                     ; 369.14 MHz ( period = 2.709 ns )                    ; temporizador:inst|74160:inst2|6              ; temporizador:inst|74160:inst4|9              ; CLOCK      ; CLOCK    ; None                        ; None                      ; 2.493 ns                ;
; N/A                                     ; 369.69 MHz ( period = 2.705 ns )                    ; temporizador:inst|74160:inst2|6              ; temporizador:inst|74160:inst4|7              ; CLOCK      ; CLOCK    ; None                        ; None                      ; 2.489 ns                ;
; N/A                                     ; 369.96 MHz ( period = 2.703 ns )                    ; temporizador:inst|74160:inst2|6              ; temporizador:inst|74160:inst4|8              ; CLOCK      ; CLOCK    ; None                        ; None                      ; 2.487 ns                ;
; N/A                                     ; 369.96 MHz ( period = 2.703 ns )                    ; temporizador:inst|74161:inst|f74161:sub|99   ; temporizador:inst|74161:inst1|f74161:sub|110 ; CLOCK      ; CLOCK    ; None                        ; None                      ; 2.489 ns                ;
; N/A                                     ; 372.58 MHz ( period = 2.684 ns )                    ; temporizador:inst|74161:inst1|f74161:sub|9   ; temporizador:inst|74160:inst6|6              ; CLOCK      ; CLOCK    ; None                        ; None                      ; 2.469 ns                ;
; N/A                                     ; 372.58 MHz ( period = 2.684 ns )                    ; temporizador:inst|74161:inst1|f74161:sub|9   ; temporizador:inst|74160:inst4|9              ; CLOCK      ; CLOCK    ; None                        ; None                      ; 2.469 ns                ;
; N/A                                     ; 373.13 MHz ( period = 2.680 ns )                    ; temporizador:inst|74161:inst1|f74161:sub|9   ; temporizador:inst|74160:inst4|7              ; CLOCK      ; CLOCK    ; None                        ; None                      ; 2.465 ns                ;
; N/A                                     ; 373.41 MHz ( period = 2.678 ns )                    ; temporizador:inst|74161:inst1|f74161:sub|9   ; temporizador:inst|74160:inst4|8              ; CLOCK      ; CLOCK    ; None                        ; None                      ; 2.463 ns                ;
; N/A                                     ; 373.97 MHz ( period = 2.674 ns )                    ; temporizador:inst|74161:inst|f74161:sub|99   ; temporizador:inst|74160:inst3|9              ; CLOCK      ; CLOCK    ; None                        ; None                      ; 2.460 ns                ;
; N/A                                     ; 374.25 MHz ( period = 2.672 ns )                    ; temporizador:inst|74161:inst|f74161:sub|110  ; temporizador:inst|74160:inst6|6              ; CLOCK      ; CLOCK    ; None                        ; None                      ; 2.457 ns                ;
; N/A                                     ; 374.25 MHz ( period = 2.672 ns )                    ; temporizador:inst|74161:inst|f74161:sub|110  ; temporizador:inst|74160:inst4|9              ; CLOCK      ; CLOCK    ; None                        ; None                      ; 2.457 ns                ;
; N/A                                     ; 374.53 MHz ( period = 2.670 ns )                    ; temporizador:inst|74161:inst1|f74161:sub|87  ; temporizador:inst|74160:inst6|9              ; CLOCK      ; CLOCK    ; None                        ; None                      ; 2.456 ns                ;
; N/A                                     ; 374.67 MHz ( period = 2.669 ns )                    ; temporizador:inst|74161:inst1|f74161:sub|87  ; temporizador:inst|74160:inst6|8              ; CLOCK      ; CLOCK    ; None                        ; None                      ; 2.455 ns                ;
; N/A                                     ; 374.81 MHz ( period = 2.668 ns )                    ; temporizador:inst|74161:inst|f74161:sub|110  ; temporizador:inst|74160:inst4|7              ; CLOCK      ; CLOCK    ; None                        ; None                      ; 2.453 ns                ;
; N/A                                     ; 375.09 MHz ( period = 2.666 ns )                    ; temporizador:inst|74161:inst|f74161:sub|110  ; temporizador:inst|74160:inst4|8              ; CLOCK      ; CLOCK    ; None                        ; None                      ; 2.451 ns                ;
; N/A                                     ; 375.38 MHz ( period = 2.664 ns )                    ; temporizador:inst|74161:inst1|f74161:sub|87  ; temporizador:inst|74160:inst6|7              ; CLOCK      ; CLOCK    ; None                        ; None                      ; 2.450 ns                ;
; N/A                                     ; 376.51 MHz ( period = 2.656 ns )                    ; temporizador:inst|74161:inst|f74161:sub|99   ; temporizador:inst|74160:inst2|8              ; CLOCK      ; CLOCK    ; None                        ; None                      ; 2.443 ns                ;
; N/A                                     ; 376.51 MHz ( period = 2.656 ns )                    ; temporizador:inst|74161:inst|f74161:sub|99   ; temporizador:inst|74160:inst2|7              ; CLOCK      ; CLOCK    ; None                        ; None                      ; 2.443 ns                ;
; N/A                                     ; 377.22 MHz ( period = 2.651 ns )                    ; temporizador:inst|74161:inst|f74161:sub|99   ; temporizador:inst|74160:inst2|9              ; CLOCK      ; CLOCK    ; None                        ; None                      ; 2.438 ns                ;
; N/A                                     ; 385.21 MHz ( period = 2.596 ns )                    ; temporizador:inst|74161:inst1|f74161:sub|110 ; temporizador:inst|74160:inst3|9              ; CLOCK      ; CLOCK    ; None                        ; None                      ; 2.382 ns                ;
; N/A                                     ; 389.41 MHz ( period = 2.568 ns )                    ; temporizador:inst|74161:inst1|f74161:sub|99  ; temporizador:inst|74160:inst3|9              ; CLOCK      ; CLOCK    ; None                        ; None                      ; 2.354 ns                ;
; N/A                                     ; 390.32 MHz ( period = 2.562 ns )                    ; temporizador:inst|74161:inst1|f74161:sub|87  ; temporizador:inst|74160:inst6|6              ; CLOCK      ; CLOCK    ; None                        ; None                      ; 2.347 ns                ;
; N/A                                     ; 390.32 MHz ( period = 2.562 ns )                    ; temporizador:inst|74161:inst1|f74161:sub|87  ; temporizador:inst|74160:inst4|9              ; CLOCK      ; CLOCK    ; None                        ; None                      ; 2.347 ns                ;
; N/A                                     ; 390.93 MHz ( period = 2.558 ns )                    ; temporizador:inst|74160:inst2|9              ; temporizador:inst|74160:inst6|9              ; CLOCK      ; CLOCK    ; None                        ; None                      ; 2.343 ns                ;
; N/A                                     ; 390.93 MHz ( period = 2.558 ns )                    ; temporizador:inst|74161:inst1|f74161:sub|87  ; temporizador:inst|74160:inst4|7              ; CLOCK      ; CLOCK    ; None                        ; None                      ; 2.343 ns                ;
; N/A                                     ; 391.08 MHz ( period = 2.557 ns )                    ; temporizador:inst|74160:inst2|9              ; temporizador:inst|74160:inst6|8              ; CLOCK      ; CLOCK    ; None                        ; None                      ; 2.342 ns                ;
; N/A                                     ; 391.24 MHz ( period = 2.556 ns )                    ; temporizador:inst|74161:inst1|f74161:sub|87  ; temporizador:inst|74160:inst4|8              ; CLOCK      ; CLOCK    ; None                        ; None                      ; 2.341 ns                ;
; N/A                                     ; 391.85 MHz ( period = 2.552 ns )                    ; temporizador:inst|74161:inst|f74161:sub|87   ; temporizador:inst|74160:inst6|9              ; CLOCK      ; CLOCK    ; None                        ; None                      ; 2.338 ns                ;
; N/A                                     ; 391.85 MHz ( period = 2.552 ns )                    ; temporizador:inst|74160:inst2|9              ; temporizador:inst|74160:inst6|7              ; CLOCK      ; CLOCK    ; None                        ; None                      ; 2.337 ns                ;
; N/A                                     ; 391.85 MHz ( period = 2.552 ns )                    ; temporizador:inst|74161:inst|f74161:sub|9    ; temporizador:inst|74161:inst1|f74161:sub|110 ; CLOCK      ; CLOCK    ; None                        ; None                      ; 2.338 ns                ;
; N/A                                     ; 392.00 MHz ( period = 2.551 ns )                    ; temporizador:inst|74161:inst|f74161:sub|87   ; temporizador:inst|74160:inst6|8              ; CLOCK      ; CLOCK    ; None                        ; None                      ; 2.337 ns                ;
; N/A                                     ; 392.77 MHz ( period = 2.546 ns )                    ; temporizador:inst|74161:inst|f74161:sub|87   ; temporizador:inst|74160:inst6|7              ; CLOCK      ; CLOCK    ; None                        ; None                      ; 2.332 ns                ;
; N/A                                     ; 396.35 MHz ( period = 2.523 ns )                    ; temporizador:inst|74161:inst|f74161:sub|9    ; temporizador:inst|74160:inst3|9              ; CLOCK      ; CLOCK    ; None                        ; None                      ; 2.309 ns                ;
; N/A                                     ; 399.20 MHz ( period = 2.505 ns )                    ; temporizador:inst|74161:inst|f74161:sub|9    ; temporizador:inst|74160:inst2|8              ; CLOCK      ; CLOCK    ; None                        ; None                      ; 2.292 ns                ;
; N/A                                     ; 399.20 MHz ( period = 2.505 ns )                    ; temporizador:inst|74161:inst|f74161:sub|9    ; temporizador:inst|74160:inst2|7              ; CLOCK      ; CLOCK    ; None                        ; None                      ; 2.292 ns                ;
; N/A                                     ; 400.00 MHz ( period = 2.500 ns )                    ; temporizador:inst|74161:inst|f74161:sub|9    ; temporizador:inst|74160:inst2|9              ; CLOCK      ; CLOCK    ; None                        ; None                      ; 2.287 ns                ;
; N/A                                     ; 403.23 MHz ( period = 2.480 ns )                    ; temporizador:inst|74160:inst2|6              ; temporizador:inst|74160:inst3|9              ; CLOCK      ; CLOCK    ; None                        ; None                      ; 2.265 ns                ;
; N/A                                     ; 404.53 MHz ( period = 2.472 ns )                    ; temporizador:inst|74161:inst|f74161:sub|110  ; temporizador:inst|74161:inst1|f74161:sub|110 ; CLOCK      ; CLOCK    ; None                        ; None                      ; 2.258 ns                ;
; N/A                                     ; 407.33 MHz ( period = 2.455 ns )                    ; temporizador:inst|74161:inst1|f74161:sub|9   ; temporizador:inst|74160:inst3|9              ; CLOCK      ; CLOCK    ; None                        ; None                      ; 2.241 ns                ;
; N/A                                     ; 408.16 MHz ( period = 2.450 ns )                    ; temporizador:inst|74160:inst2|9              ; temporizador:inst|74160:inst6|6              ; CLOCK      ; CLOCK    ; None                        ; None                      ; 2.234 ns                ;
; N/A                                     ; 408.16 MHz ( period = 2.450 ns )                    ; temporizador:inst|74160:inst2|9              ; temporizador:inst|74160:inst4|9              ; CLOCK      ; CLOCK    ; None                        ; None                      ; 2.234 ns                ;
; N/A                                     ; 408.83 MHz ( period = 2.446 ns )                    ; temporizador:inst|74160:inst2|9              ; temporizador:inst|74160:inst4|7              ; CLOCK      ; CLOCK    ; None                        ; None                      ; 2.230 ns                ;
; N/A                                     ; 409.17 MHz ( period = 2.444 ns )                    ; temporizador:inst|74161:inst|f74161:sub|87   ; temporizador:inst|74160:inst6|6              ; CLOCK      ; CLOCK    ; None                        ; None                      ; 2.229 ns                ;
; N/A                                     ; 409.17 MHz ( period = 2.444 ns )                    ; temporizador:inst|74161:inst|f74161:sub|87   ; temporizador:inst|74160:inst4|9              ; CLOCK      ; CLOCK    ; None                        ; None                      ; 2.229 ns                ;
; N/A                                     ; 409.17 MHz ( period = 2.444 ns )                    ; temporizador:inst|74160:inst2|9              ; temporizador:inst|74160:inst4|8              ; CLOCK      ; CLOCK    ; None                        ; None                      ; 2.228 ns                ;
; N/A                                     ; 409.33 MHz ( period = 2.443 ns )                    ; temporizador:inst|74161:inst|f74161:sub|110  ; temporizador:inst|74160:inst3|9              ; CLOCK      ; CLOCK    ; None                        ; None                      ; 2.229 ns                ;
; N/A                                     ; 409.84 MHz ( period = 2.440 ns )                    ; temporizador:inst|74161:inst|f74161:sub|87   ; temporizador:inst|74160:inst4|7              ; CLOCK      ; CLOCK    ; None                        ; None                      ; 2.225 ns                ;
; N/A                                     ; 410.17 MHz ( period = 2.438 ns )                    ; temporizador:inst|74161:inst|f74161:sub|87   ; temporizador:inst|74160:inst4|8              ; CLOCK      ; CLOCK    ; None                        ; None                      ; 2.223 ns                ;
; N/A                                     ; 412.37 MHz ( period = 2.425 ns )                    ; temporizador:inst|74161:inst|f74161:sub|110  ; temporizador:inst|74160:inst2|8              ; CLOCK      ; CLOCK    ; None                        ; None                      ; 2.212 ns                ;
; N/A                                     ; 412.37 MHz ( period = 2.425 ns )                    ; temporizador:inst|74161:inst|f74161:sub|110  ; temporizador:inst|74160:inst2|7              ; CLOCK      ; CLOCK    ; None                        ; None                      ; 2.212 ns                ;
; N/A                                     ; 413.22 MHz ( period = 2.420 ns )                    ; temporizador:inst|74161:inst|f74161:sub|110  ; temporizador:inst|74160:inst2|9              ; CLOCK      ; CLOCK    ; None                        ; None                      ; 2.207 ns                ;
; N/A                                     ; 417.01 MHz ( period = 2.398 ns )                    ; temporizador:inst|74160:inst3|9              ; temporizador:inst|74160:inst6|9              ; CLOCK      ; CLOCK    ; None                        ; None                      ; 2.184 ns                ;
; N/A                                     ; 417.19 MHz ( period = 2.397 ns )                    ; temporizador:inst|74160:inst3|9              ; temporizador:inst|74160:inst6|8              ; CLOCK      ; CLOCK    ; None                        ; None                      ; 2.183 ns                ;
; N/A                                     ; 418.06 MHz ( period = 2.392 ns )                    ; temporizador:inst|74160:inst3|9              ; temporizador:inst|74160:inst6|7              ; CLOCK      ; CLOCK    ; None                        ; None                      ; 2.178 ns                ;
; N/A                                     ; Restricted to 420.17 MHz ( period = 2.380 ns )      ; temporizador:inst|74161:inst1|f74161:sub|87  ; temporizador:inst|74160:inst3|9              ; CLOCK      ; CLOCK    ; None                        ; None                      ; 2.119 ns                ;
; N/A                                     ; Restricted to 420.17 MHz ( period = 2.380 ns )      ; temporizador:inst|74160:inst3|9              ; temporizador:inst|74160:inst6|6              ; CLOCK      ; CLOCK    ; None                        ; None                      ; 2.075 ns                ;
; N/A                                     ; Restricted to 420.17 MHz ( period = 2.380 ns )      ; temporizador:inst|74160:inst3|9              ; temporizador:inst|74160:inst4|9              ; CLOCK      ; CLOCK    ; None                        ; None                      ; 2.075 ns                ;
; N/A                                     ; Restricted to 420.17 MHz ( period = 2.380 ns )      ; temporizador:inst|74160:inst3|9              ; temporizador:inst|74160:inst4|7              ; CLOCK      ; CLOCK    ; None                        ; None                      ; 2.071 ns                ;
; N/A                                     ; Restricted to 420.17 MHz ( period = 2.380 ns )      ; temporizador:inst|74160:inst3|9              ; temporizador:inst|74160:inst4|8              ; CLOCK      ; CLOCK    ; None                        ; None                      ; 2.069 ns                ;
; N/A                                     ; Restricted to 420.17 MHz ( period = 2.380 ns )      ; temporizador:inst|74161:inst|f74161:sub|99   ; temporizador:inst|74160:inst3|7              ; CLOCK      ; CLOCK    ; None                        ; None                      ; 2.060 ns                ;
; N/A                                     ; Restricted to 420.17 MHz ( period = 2.380 ns )      ; temporizador:inst|74161:inst|f74161:sub|99   ; temporizador:inst|74160:inst3|6              ; CLOCK      ; CLOCK    ; None                        ; None                      ; 2.058 ns                ;
; N/A                                     ; Restricted to 420.17 MHz ( period = 2.380 ns )      ; temporizador:inst|74161:inst|f74161:sub|99   ; temporizador:inst|74160:inst3|8              ; CLOCK      ; CLOCK    ; None                        ; None                      ; 2.058 ns                ;
; N/A                                     ; Restricted to 420.17 MHz ( period = 2.380 ns )      ; temporizador:inst|74161:inst|f74161:sub|99   ; temporizador:inst|74160:inst4|6              ; CLOCK      ; CLOCK    ; None                        ; None                      ; 2.048 ns                ;
; N/A                                     ; Restricted to 420.17 MHz ( period = 2.380 ns )      ; temporizador:inst|74161:inst|f74161:sub|99   ; temporizador:inst|74160:inst2|6              ; CLOCK      ; CLOCK    ; None                        ; None                      ; 2.031 ns                ;
; N/A                                     ; Restricted to 420.17 MHz ( period = 2.380 ns )      ; temporizador:inst|74161:inst|f74161:sub|87   ; temporizador:inst|74161:inst1|f74161:sub|110 ; CLOCK      ; CLOCK    ; None                        ; None                      ; 2.030 ns                ;
; N/A                                     ; Restricted to 420.17 MHz ( period = 2.380 ns )      ; temporizador:inst|74160:inst2|9              ; temporizador:inst|74160:inst3|9              ; CLOCK      ; CLOCK    ; None                        ; None                      ; 2.006 ns                ;
; N/A                                     ; Restricted to 420.17 MHz ( period = 2.380 ns )      ; temporizador:inst|74161:inst|f74161:sub|87   ; temporizador:inst|74160:inst3|9              ; CLOCK      ; CLOCK    ; None                        ; None                      ; 2.001 ns                ;
; N/A                                     ; Restricted to 420.17 MHz ( period = 2.380 ns )      ; temporizador:inst|74161:inst|f74161:sub|87   ; temporizador:inst|74160:inst2|8              ; CLOCK      ; CLOCK    ; None                        ; None                      ; 1.984 ns                ;
; N/A                                     ; Restricted to 420.17 MHz ( period = 2.380 ns )      ; temporizador:inst|74161:inst|f74161:sub|87   ; temporizador:inst|74160:inst2|7              ; CLOCK      ; CLOCK    ; None                        ; None                      ; 1.984 ns                ;
; N/A                                     ; Restricted to 420.17 MHz ( period = 2.380 ns )      ; temporizador:inst|74161:inst1|f74161:sub|110 ; temporizador:inst|74160:inst3|7              ; CLOCK      ; CLOCK    ; None                        ; None                      ; 1.982 ns                ;
; N/A                                     ; Restricted to 420.17 MHz ( period = 2.380 ns )      ; temporizador:inst|74161:inst1|f74161:sub|110 ; temporizador:inst|74160:inst3|6              ; CLOCK      ; CLOCK    ; None                        ; None                      ; 1.980 ns                ;
; N/A                                     ; Restricted to 420.17 MHz ( period = 2.380 ns )      ; temporizador:inst|74161:inst1|f74161:sub|110 ; temporizador:inst|74160:inst3|8              ; CLOCK      ; CLOCK    ; None                        ; None                      ; 1.980 ns                ;
; N/A                                     ; Restricted to 420.17 MHz ( period = 2.380 ns )      ; temporizador:inst|74161:inst|f74161:sub|87   ; temporizador:inst|74160:inst2|9              ; CLOCK      ; CLOCK    ; None                        ; None                      ; 1.979 ns                ;
; N/A                                     ; Restricted to 420.17 MHz ( period = 2.380 ns )      ; temporizador:inst|74161:inst1|f74161:sub|110 ; temporizador:inst|74160:inst4|6              ; CLOCK      ; CLOCK    ; None                        ; None                      ; 1.970 ns                ;
; N/A                                     ; Restricted to 420.17 MHz ( period = 2.380 ns )      ; temporizador:inst|74161:inst1|f74161:sub|99  ; temporizador:inst|74160:inst3|7              ; CLOCK      ; CLOCK    ; None                        ; None                      ; 1.954 ns                ;
; N/A                                     ; Restricted to 420.17 MHz ( period = 2.380 ns )      ; temporizador:inst|74161:inst1|f74161:sub|99  ; temporizador:inst|74160:inst3|6              ; CLOCK      ; CLOCK    ; None                        ; None                      ; 1.952 ns                ;
; N/A                                     ; Restricted to 420.17 MHz ( period = 2.380 ns )      ; temporizador:inst|74161:inst1|f74161:sub|99  ; temporizador:inst|74160:inst3|8              ; CLOCK      ; CLOCK    ; None                        ; None                      ; 1.952 ns                ;
; N/A                                     ; Restricted to 420.17 MHz ( period = 2.380 ns )      ; temporizador:inst|74161:inst1|f74161:sub|9   ; temporizador:inst|74161:inst1|f74161:sub|110 ; CLOCK      ; CLOCK    ; None                        ; None                      ; 1.947 ns                ;
; N/A                                     ; Restricted to 420.17 MHz ( period = 2.380 ns )      ; temporizador:inst|74161:inst1|f74161:sub|99  ; temporizador:inst|74160:inst4|6              ; CLOCK      ; CLOCK    ; None                        ; None                      ; 1.942 ns                ;
; N/A                                     ; Restricted to 420.17 MHz ( period = 2.380 ns )      ; temporizador:inst|74161:inst|f74161:sub|99   ; temporizador:inst|74161:inst1|f74161:sub|87  ; CLOCK      ; CLOCK    ; None                        ; None                      ; 1.936 ns                ;
; N/A                                     ; Restricted to 420.17 MHz ( period = 2.380 ns )      ; temporizador:inst|74161:inst|f74161:sub|99   ; temporizador:inst|74161:inst1|f74161:sub|9   ; CLOCK      ; CLOCK    ; None                        ; None                      ; 1.935 ns                ;
; N/A                                     ; Restricted to 420.17 MHz ( period = 2.380 ns )      ; temporizador:inst|74161:inst|f74161:sub|99   ; temporizador:inst|74161:inst1|f74161:sub|99  ; CLOCK      ; CLOCK    ; None                        ; None                      ; 1.934 ns                ;
; N/A                                     ; Restricted to 420.17 MHz ( period = 2.380 ns )      ; temporizador:inst|74160:inst4|6              ; temporizador:inst|74160:inst6|9              ; CLOCK      ; CLOCK    ; None                        ; None                      ; 1.918 ns                ;
; N/A                                     ; Restricted to 420.17 MHz ( period = 2.380 ns )      ; temporizador:inst|74160:inst4|6              ; temporizador:inst|74160:inst6|8              ; CLOCK      ; CLOCK    ; None                        ; None                      ; 1.917 ns                ;
; N/A                                     ; Restricted to 420.17 MHz ( period = 2.380 ns )      ; temporizador:inst|74160:inst4|6              ; temporizador:inst|74160:inst6|7              ; CLOCK      ; CLOCK    ; None                        ; None                      ; 1.912 ns                ;
; N/A                                     ; Restricted to 420.17 MHz ( period = 2.380 ns )      ; temporizador:inst|74161:inst|f74161:sub|9    ; temporizador:inst|74160:inst3|7              ; CLOCK      ; CLOCK    ; None                        ; None                      ; 1.909 ns                ;
; N/A                                     ; Restricted to 420.17 MHz ( period = 2.380 ns )      ; temporizador:inst|74161:inst|f74161:sub|9    ; temporizador:inst|74160:inst3|6              ; CLOCK      ; CLOCK    ; None                        ; None                      ; 1.907 ns                ;
; N/A                                     ; Restricted to 420.17 MHz ( period = 2.380 ns )      ; temporizador:inst|74161:inst|f74161:sub|9    ; temporizador:inst|74160:inst3|8              ; CLOCK      ; CLOCK    ; None                        ; None                      ; 1.907 ns                ;
; N/A                                     ; Restricted to 420.17 MHz ( period = 2.380 ns )      ; temporizador:inst|74161:inst1|f74161:sub|9   ; temporizador:inst|74160:inst2|8              ; CLOCK      ; CLOCK    ; None                        ; None                      ; 1.901 ns                ;
; N/A                                     ; Restricted to 420.17 MHz ( period = 2.380 ns )      ; temporizador:inst|74161:inst1|f74161:sub|9   ; temporizador:inst|74160:inst2|7              ; CLOCK      ; CLOCK    ; None                        ; None                      ; 1.901 ns                ;
; N/A                                     ; Restricted to 420.17 MHz ( period = 2.380 ns )      ; temporizador:inst|74161:inst|f74161:sub|9    ; temporizador:inst|74160:inst4|6              ; CLOCK      ; CLOCK    ; None                        ; None                      ; 1.897 ns                ;
; N/A                                     ; Restricted to 420.17 MHz ( period = 2.380 ns )      ; temporizador:inst|74161:inst1|f74161:sub|9   ; temporizador:inst|74160:inst2|9              ; CLOCK      ; CLOCK    ; None                        ; None                      ; 1.896 ns                ;
; N/A                                     ; Restricted to 420.17 MHz ( period = 2.380 ns )      ; temporizador:inst|74161:inst|f74161:sub|9    ; temporizador:inst|74160:inst2|6              ; CLOCK      ; CLOCK    ; None                        ; None                      ; 1.880 ns                ;
; N/A                                     ; Restricted to 420.17 MHz ( period = 2.380 ns )      ; temporizador:inst|74161:inst1|f74161:sub|87  ; temporizador:inst|74161:inst1|f74161:sub|110 ; CLOCK      ; CLOCK    ; None                        ; None                      ; 1.877 ns                ;
; N/A                                     ; Restricted to 420.17 MHz ( period = 2.380 ns )      ; temporizador:inst|74160:inst2|6              ; temporizador:inst|74160:inst3|7              ; CLOCK      ; CLOCK    ; None                        ; None                      ; 1.865 ns                ;
; N/A                                     ; Restricted to 420.17 MHz ( period = 2.380 ns )      ; temporizador:inst|74160:inst2|6              ; temporizador:inst|74160:inst3|6              ; CLOCK      ; CLOCK    ; None                        ; None                      ; 1.863 ns                ;
; N/A                                     ; Restricted to 420.17 MHz ( period = 2.380 ns )      ; temporizador:inst|74160:inst2|6              ; temporizador:inst|74160:inst3|8              ; CLOCK      ; CLOCK    ; None                        ; None                      ; 1.863 ns                ;
; N/A                                     ; Restricted to 420.17 MHz ( period = 2.380 ns )      ; temporizador:inst|74160:inst2|6              ; temporizador:inst|74160:inst4|6              ; CLOCK      ; CLOCK    ; None                        ; None                      ; 1.853 ns                ;
; N/A                                     ; Restricted to 420.17 MHz ( period = 2.380 ns )      ; temporizador:inst|74161:inst1|f74161:sub|9   ; temporizador:inst|74160:inst3|7              ; CLOCK      ; CLOCK    ; None                        ; None                      ; 1.841 ns                ;
; N/A                                     ; Restricted to 420.17 MHz ( period = 2.380 ns )      ; temporizador:inst|74161:inst1|f74161:sub|9   ; temporizador:inst|74160:inst3|6              ; CLOCK      ; CLOCK    ; None                        ; None                      ; 1.839 ns                ;
; N/A                                     ; Restricted to 420.17 MHz ( period = 2.380 ns )      ; temporizador:inst|74161:inst1|f74161:sub|9   ; temporizador:inst|74160:inst3|8              ; CLOCK      ; CLOCK    ; None                        ; None                      ; 1.839 ns                ;
; N/A                                     ; Restricted to 420.17 MHz ( period = 2.380 ns )      ; temporizador:inst|74161:inst1|f74161:sub|99  ; temporizador:inst|74161:inst1|f74161:sub|110 ; CLOCK      ; CLOCK    ; None                        ; None                      ; 1.837 ns                ;
; N/A                                     ; Restricted to 420.17 MHz ( period = 2.380 ns )      ; temporizador:inst|74161:inst1|f74161:sub|87  ; temporizador:inst|74160:inst2|8              ; CLOCK      ; CLOCK    ; None                        ; None                      ; 1.831 ns                ;
; N/A                                     ; Restricted to 420.17 MHz ( period = 2.380 ns )      ; temporizador:inst|74161:inst1|f74161:sub|87  ; temporizador:inst|74160:inst2|7              ; CLOCK      ; CLOCK    ; None                        ; None                      ; 1.831 ns                ;
; N/A                                     ; Restricted to 420.17 MHz ( period = 2.380 ns )      ; temporizador:inst|74161:inst1|f74161:sub|9   ; temporizador:inst|74160:inst4|6              ; CLOCK      ; CLOCK    ; None                        ; None                      ; 1.829 ns                ;
; N/A                                     ; Restricted to 420.17 MHz ( period = 2.380 ns )      ; temporizador:inst|74161:inst|f74161:sub|110  ; temporizador:inst|74160:inst3|7              ; CLOCK      ; CLOCK    ; None                        ; None                      ; 1.829 ns                ;
; N/A                                     ; Restricted to 420.17 MHz ( period = 2.380 ns )      ; temporizador:inst|74161:inst|f74161:sub|110  ; temporizador:inst|74160:inst3|6              ; CLOCK      ; CLOCK    ; None                        ; None                      ; 1.827 ns                ;
; N/A                                     ; Restricted to 420.17 MHz ( period = 2.380 ns )      ; temporizador:inst|74161:inst|f74161:sub|110  ; temporizador:inst|74160:inst3|8              ; CLOCK      ; CLOCK    ; None                        ; None                      ; 1.827 ns                ;
; N/A                                     ; Restricted to 420.17 MHz ( period = 2.380 ns )      ; temporizador:inst|74161:inst1|f74161:sub|87  ; temporizador:inst|74160:inst2|9              ; CLOCK      ; CLOCK    ; None                        ; None                      ; 1.826 ns                ;
; N/A                                     ; Restricted to 420.17 MHz ( period = 2.380 ns )      ; temporizador:inst|74160:inst3|6              ; temporizador:inst|74160:inst6|9              ; CLOCK      ; CLOCK    ; None                        ; None                      ; 1.819 ns                ;
; N/A                                     ; Restricted to 420.17 MHz ( period = 2.380 ns )      ; temporizador:inst|74160:inst3|6              ; temporizador:inst|74160:inst6|8              ; CLOCK      ; CLOCK    ; None                        ; None                      ; 1.818 ns                ;
; N/A                                     ; Restricted to 420.17 MHz ( period = 2.380 ns )      ; temporizador:inst|74161:inst|f74161:sub|110  ; temporizador:inst|74160:inst4|6              ; CLOCK      ; CLOCK    ; None                        ; None                      ; 1.817 ns                ;
; N/A                                     ; Restricted to 420.17 MHz ( period = 2.380 ns )      ; temporizador:inst|74160:inst3|6              ; temporizador:inst|74160:inst6|7              ; CLOCK      ; CLOCK    ; None                        ; None                      ; 1.813 ns                ;
; N/A                                     ; Restricted to 420.17 MHz ( period = 2.380 ns )      ; temporizador:inst|74160:inst4|6              ; temporizador:inst|74160:inst6|6              ; CLOCK      ; CLOCK    ; None                        ; None                      ; 1.809 ns                ;
; N/A                                     ; Restricted to 420.17 MHz ( period = 2.380 ns )      ; temporizador:inst|74160:inst4|6              ; temporizador:inst|74160:inst4|9              ; CLOCK      ; CLOCK    ; None                        ; None                      ; 1.809 ns                ;
; N/A                                     ; Restricted to 420.17 MHz ( period = 2.380 ns )      ; temporizador:inst|74160:inst4|6              ; temporizador:inst|74160:inst4|7              ; CLOCK      ; CLOCK    ; None                        ; None                      ; 1.805 ns                ;
; N/A                                     ; Restricted to 420.17 MHz ( period = 2.380 ns )      ; temporizador:inst|74160:inst4|6              ; temporizador:inst|74160:inst4|8              ; CLOCK      ; CLOCK    ; None                        ; None                      ; 1.803 ns                ;
; N/A                                     ; Restricted to 420.17 MHz ( period = 2.380 ns )      ; temporizador:inst|74161:inst|f74161:sub|110  ; temporizador:inst|74160:inst2|6              ; CLOCK      ; CLOCK    ; None                        ; None                      ; 1.800 ns                ;
; N/A                                     ; Restricted to 420.17 MHz ( period = 2.380 ns )      ; temporizador:inst|74161:inst1|f74161:sub|99  ; temporizador:inst|74160:inst2|8              ; CLOCK      ; CLOCK    ; None                        ; None                      ; 1.791 ns                ;
; N/A                                     ; Restricted to 420.17 MHz ( period = 2.380 ns )      ; temporizador:inst|74161:inst1|f74161:sub|99  ; temporizador:inst|74160:inst2|7              ; CLOCK      ; CLOCK    ; None                        ; None                      ; 1.791 ns                ;
; N/A                                     ; Restricted to 420.17 MHz ( period = 2.380 ns )      ; temporizador:inst|74161:inst1|f74161:sub|99  ; temporizador:inst|74160:inst2|9              ; CLOCK      ; CLOCK    ; None                        ; None                      ; 1.786 ns                ;
; N/A                                     ; Restricted to 420.17 MHz ( period = 2.380 ns )      ; temporizador:inst|74161:inst|f74161:sub|9    ; temporizador:inst|74161:inst1|f74161:sub|87  ; CLOCK      ; CLOCK    ; None                        ; None                      ; 1.785 ns                ;
; N/A                                     ; Restricted to 420.17 MHz ( period = 2.380 ns )      ; temporizador:inst|74161:inst|f74161:sub|9    ; temporizador:inst|74161:inst1|f74161:sub|9   ; CLOCK      ; CLOCK    ; None                        ; None                      ; 1.784 ns                ;
; N/A                                     ; Restricted to 420.17 MHz ( period = 2.380 ns )      ; temporizador:inst|74161:inst|f74161:sub|9    ; temporizador:inst|74161:inst1|f74161:sub|99  ; CLOCK      ; CLOCK    ; None                        ; None                      ; 1.783 ns                ;
; N/A                                     ; Restricted to 420.17 MHz ( period = 2.380 ns )      ; temporizador:inst|74161:inst1|f74161:sub|87  ; temporizador:inst|74160:inst3|7              ; CLOCK      ; CLOCK    ; None                        ; None                      ; 1.719 ns                ;
; N/A                                     ; Restricted to 420.17 MHz ( period = 2.380 ns )      ; temporizador:inst|74161:inst1|f74161:sub|87  ; temporizador:inst|74160:inst3|6              ; CLOCK      ; CLOCK    ; None                        ; None                      ; 1.717 ns                ;
; N/A                                     ; Restricted to 420.17 MHz ( period = 2.380 ns )      ; temporizador:inst|74161:inst1|f74161:sub|87  ; temporizador:inst|74160:inst3|8              ; CLOCK      ; CLOCK    ; None                        ; None                      ; 1.717 ns                ;
; N/A                                     ; Restricted to 420.17 MHz ( period = 2.380 ns )      ; temporizador:inst|74160:inst3|6              ; temporizador:inst|74160:inst6|6              ; CLOCK      ; CLOCK    ; None                        ; None                      ; 1.710 ns                ;
; N/A                                     ; Restricted to 420.17 MHz ( period = 2.380 ns )      ; temporizador:inst|74160:inst3|6              ; temporizador:inst|74160:inst4|9              ; CLOCK      ; CLOCK    ; None                        ; None                      ; 1.710 ns                ;
; N/A                                     ; Restricted to 420.17 MHz ( period = 2.380 ns )      ; temporizador:inst|74161:inst1|f74161:sub|87  ; temporizador:inst|74160:inst4|6              ; CLOCK      ; CLOCK    ; None                        ; None                      ; 1.707 ns                ;
; N/A                                     ; Restricted to 420.17 MHz ( period = 2.380 ns )      ; temporizador:inst|74160:inst3|6              ; temporizador:inst|74160:inst4|7              ; CLOCK      ; CLOCK    ; None                        ; None                      ; 1.706 ns                ;
; N/A                                     ; Restricted to 420.17 MHz ( period = 2.380 ns )      ; temporizador:inst|74160:inst3|6              ; temporizador:inst|74160:inst4|8              ; CLOCK      ; CLOCK    ; None                        ; None                      ; 1.704 ns                ;
; N/A                                     ; Restricted to 420.17 MHz ( period = 2.380 ns )      ; temporizador:inst|74161:inst|f74161:sub|110  ; temporizador:inst|74161:inst1|f74161:sub|87  ; CLOCK      ; CLOCK    ; None                        ; None                      ; 1.705 ns                ;
; N/A                                     ; Restricted to 420.17 MHz ( period = 2.380 ns )      ; temporizador:inst|74161:inst|f74161:sub|110  ; temporizador:inst|74161:inst1|f74161:sub|9   ; CLOCK      ; CLOCK    ; None                        ; None                      ; 1.704 ns                ;
; N/A                                     ; Restricted to 420.17 MHz ( period = 2.380 ns )      ; temporizador:inst|74161:inst|f74161:sub|110  ; temporizador:inst|74161:inst1|f74161:sub|99  ; CLOCK      ; CLOCK    ; None                        ; None                      ; 1.703 ns                ;
; N/A                                     ; Restricted to 420.17 MHz ( period = 2.380 ns )      ; temporizador:inst|74160:inst4|9              ; temporizador:inst|74160:inst6|9              ; CLOCK      ; CLOCK    ; None                        ; None                      ; 1.651 ns                ;
; N/A                                     ; Restricted to 420.17 MHz ( period = 2.380 ns )      ; temporizador:inst|74160:inst4|9              ; temporizador:inst|74160:inst6|8              ; CLOCK      ; CLOCK    ; None                        ; None                      ; 1.650 ns                ;
; N/A                                     ; Restricted to 420.17 MHz ( period = 2.380 ns )      ; temporizador:inst|74160:inst4|9              ; temporizador:inst|74160:inst6|7              ; CLOCK      ; CLOCK    ; None                        ; None                      ; 1.645 ns                ;
; N/A                                     ; Restricted to 420.17 MHz ( period = 2.380 ns )      ; temporizador:inst|74160:inst2|9              ; temporizador:inst|74160:inst3|7              ; CLOCK      ; CLOCK    ; None                        ; None                      ; 1.606 ns                ;
; N/A                                     ; Restricted to 420.17 MHz ( period = 2.380 ns )      ; temporizador:inst|74160:inst2|9              ; temporizador:inst|74160:inst3|6              ; CLOCK      ; CLOCK    ; None                        ; None                      ; 1.604 ns                ;
; N/A                                     ; Restricted to 420.17 MHz ( period = 2.380 ns )      ; temporizador:inst|74160:inst2|9              ; temporizador:inst|74160:inst3|8              ; CLOCK      ; CLOCK    ; None                        ; None                      ; 1.604 ns                ;
; N/A                                     ; Restricted to 420.17 MHz ( period = 2.380 ns )      ; temporizador:inst|74161:inst|f74161:sub|87   ; temporizador:inst|74160:inst3|7              ; CLOCK      ; CLOCK    ; None                        ; None                      ; 1.601 ns                ;
; N/A                                     ; Restricted to 420.17 MHz ( period = 2.380 ns )      ; temporizador:inst|74161:inst|f74161:sub|87   ; temporizador:inst|74160:inst3|6              ; CLOCK      ; CLOCK    ; None                        ; None                      ; 1.599 ns                ;
; N/A                                     ; Restricted to 420.17 MHz ( period = 2.380 ns )      ; temporizador:inst|74161:inst|f74161:sub|87   ; temporizador:inst|74160:inst3|8              ; CLOCK      ; CLOCK    ; None                        ; None                      ; 1.599 ns                ;
; N/A                                     ; Restricted to 420.17 MHz ( period = 2.380 ns )      ; temporizador:inst|74160:inst2|9              ; temporizador:inst|74160:inst4|6              ; CLOCK      ; CLOCK    ; None                        ; None                      ; 1.594 ns                ;
; N/A                                     ; Restricted to 420.17 MHz ( period = 2.380 ns )      ; temporizador:inst|74161:inst|f74161:sub|87   ; temporizador:inst|74160:inst4|6              ; CLOCK      ; CLOCK    ; None                        ; None                      ; 1.589 ns                ;
; N/A                                     ; Restricted to 420.17 MHz ( period = 2.380 ns )      ; temporizador:inst|74160:inst6|6              ; temporizador:inst|74160:inst6|9              ; CLOCK      ; CLOCK    ; None                        ; None                      ; 1.576 ns                ;
; N/A                                     ; Restricted to 420.17 MHz ( period = 2.380 ns )      ; temporizador:inst|74160:inst6|6              ; temporizador:inst|74160:inst6|8              ; CLOCK      ; CLOCK    ; None                        ; None                      ; 1.575 ns                ;
; N/A                                     ; Restricted to 420.17 MHz ( period = 2.380 ns )      ; temporizador:inst|74161:inst|f74161:sub|87   ; temporizador:inst|74160:inst2|6              ; CLOCK      ; CLOCK    ; None                        ; None                      ; 1.572 ns                ;
; N/A                                     ; Restricted to 420.17 MHz ( period = 2.380 ns )      ; temporizador:inst|74160:inst6|6              ; temporizador:inst|74160:inst6|7              ; CLOCK      ; CLOCK    ; None                        ; None                      ; 1.570 ns                ;
; N/A                                     ; Restricted to 420.17 MHz ( period = 2.380 ns )      ; temporizador:inst|74161:inst1|f74161:sub|9   ; temporizador:inst|74160:inst2|6              ; CLOCK      ; CLOCK    ; None                        ; None                      ; 1.489 ns                ;
; N/A                                     ; Restricted to 420.17 MHz ( period = 2.380 ns )      ; temporizador:inst|74161:inst1|f74161:sub|110 ; temporizador:inst|74160:inst2|8              ; CLOCK      ; CLOCK    ; None                        ; None                      ; 1.483 ns                ;
; N/A                                     ; Restricted to 420.17 MHz ( period = 2.380 ns )      ; temporizador:inst|74161:inst1|f74161:sub|110 ; temporizador:inst|74160:inst2|7              ; CLOCK      ; CLOCK    ; None                        ; None                      ; 1.483 ns                ;
; N/A                                     ; Restricted to 420.17 MHz ( period = 2.380 ns )      ; temporizador:inst|74161:inst1|f74161:sub|110 ; temporizador:inst|74160:inst2|9              ; CLOCK      ; CLOCK    ; None                        ; None                      ; 1.478 ns                ;
; N/A                                     ; Restricted to 420.17 MHz ( period = 2.380 ns )      ; temporizador:inst|74161:inst|f74161:sub|87   ; temporizador:inst|74161:inst1|f74161:sub|87  ; CLOCK      ; CLOCK    ; None                        ; None                      ; 1.477 ns                ;
; N/A                                     ; Restricted to 420.17 MHz ( period = 2.380 ns )      ; temporizador:inst|74161:inst|f74161:sub|87   ; temporizador:inst|74161:inst1|f74161:sub|9   ; CLOCK      ; CLOCK    ; None                        ; None                      ; 1.476 ns                ;
; N/A                                     ; Restricted to 420.17 MHz ( period = 2.380 ns )      ; temporizador:inst|74161:inst|f74161:sub|87   ; temporizador:inst|74161:inst1|f74161:sub|99  ; CLOCK      ; CLOCK    ; None                        ; None                      ; 1.475 ns                ;
; N/A                                     ; Restricted to 420.17 MHz ( period = 2.380 ns )      ; temporizador:inst|74161:inst1|f74161:sub|87  ; temporizador:inst|74160:inst2|6              ; CLOCK      ; CLOCK    ; None                        ; None                      ; 1.419 ns                ;
; N/A                                     ; Restricted to 420.17 MHz ( period = 2.380 ns )      ; temporizador:inst|74161:inst1|f74161:sub|99  ; temporizador:inst|74160:inst2|6              ; CLOCK      ; CLOCK    ; None                        ; None                      ; 1.379 ns                ;
; N/A                                     ; Restricted to 420.17 MHz ( period = 2.380 ns )      ; temporizador:inst|74161:inst1|f74161:sub|9   ; temporizador:inst|74161:inst1|f74161:sub|99  ; CLOCK      ; CLOCK    ; None                        ; None                      ; 1.275 ns                ;
; N/A                                     ; Restricted to 420.17 MHz ( period = 2.380 ns )      ; temporizador:inst|74161:inst|f74161:sub|87   ; temporizador:inst|74161:inst|f74161:sub|110  ; CLOCK      ; CLOCK    ; None                        ; None                      ; 1.253 ns                ;
; N/A                                     ; Restricted to 420.17 MHz ( period = 2.380 ns )      ; temporizador:inst|74161:inst1|f74161:sub|110 ; temporizador:inst|74160:inst2|6              ; CLOCK      ; CLOCK    ; None                        ; None                      ; 1.239 ns                ;
; Timing analysis restricted to 200 rows. ; To change the limit use Settings (Assignments menu) ;                                              ;                                              ;            ;          ;                             ;                           ;                         ;
+-----------------------------------------+-----------------------------------------------------+----------------------------------------------+----------------------------------------------+------------+----------+-----------------------------+---------------------------+-------------------------+


+------------------------------------------------------------------------------------------+
; tco                                                                                      ;
+-------+--------------+------------+---------------------------------+-------+------------+
; Slack ; Required tco ; Actual tco ; From                            ; To    ; From Clock ;
+-------+--------------+------------+---------------------------------+-------+------------+
; N/A   ; None         ; 8.135 ns   ; temporizador:inst|74160:inst6|9 ; LED1S ; CLOCK      ;
; N/A   ; None         ; 7.982 ns   ; temporizador:inst|74160:inst6|8 ; LED1S ; CLOCK      ;
; N/A   ; None         ; 7.875 ns   ; temporizador:inst|74160:inst6|7 ; LED1S ; CLOCK      ;
; N/A   ; None         ; 7.683 ns   ; temporizador:inst|74160:inst6|6 ; LED1S ; CLOCK      ;
+-------+--------------+------------+---------------------------------+-------+------------+


+--------------------------+
; Timing Analyzer Messages ;
+--------------------------+
Info: *******************************************************************
Info: Running Quartus II Classic Timing Analyzer
    Info: Version 9.1 Build 350 03/24/2010 Service Pack 2 SJ Web Edition
    Info: Processing started: Fri Feb 23 14:41:18 2024
Info: Command: quartus_tan --read_settings_files=off --write_settings_files=off Temporizador_Decimo_de_Segundo -c Temporizador_Decimo_de_Segundo --timing_analysis_only
Warning: Timing Analysis is analyzing one or more combinational loops as latches
    Warning: Node "temporizador:inst|inst11~latch" is a latch
Warning: Found pins functioning as undefined clocks and/or memory enables
    Info: Assuming node "CLOCK" is an undefined clock
Info: Clock "CLOCK" has Internal fmax of 332.12 MHz between source register "temporizador:inst|74161:inst|f74161:sub|99" and destination register "temporizador:inst|74160:inst6|9" (period= 3.011 ns)
    Info: + Longest register to register delay is 2.797 ns
        Info: 1: + IC(0.000 ns) + CELL(0.000 ns) = 0.000 ns; Loc. = LCFF_X62_Y1_N1; Fanout = 3; REG Node = 'temporizador:inst|74161:inst|f74161:sub|99'
        Info: 2: + IC(0.522 ns) + CELL(0.410 ns) = 0.932 ns; Loc. = LCCOMB_X62_Y1_N22; Fanout = 5; COMB Node = 'temporizador:inst|74161:inst|f74161:sub|104'
        Info: 3: + IC(0.265 ns) + CELL(0.150 ns) = 1.347 ns; Loc. = LCCOMB_X62_Y1_N18; Fanout = 6; COMB Node = 'temporizador:inst|74160:inst2|45'
        Info: 4: + IC(0.261 ns) + CELL(0.150 ns) = 1.758 ns; Loc. = LCCOMB_X62_Y1_N4; Fanout = 5; COMB Node = 'temporizador:inst|74160:inst4|45~0'
        Info: 5: + IC(0.261 ns) + CELL(0.275 ns) = 2.294 ns; Loc. = LCCOMB_X62_Y1_N6; Fanout = 3; COMB Node = 'temporizador:inst|74160:inst6|50~0'
        Info: 6: + IC(0.269 ns) + CELL(0.150 ns) = 2.713 ns; Loc. = LCCOMB_X62_Y1_N20; Fanout = 1; COMB Node = 'temporizador:inst|74160:inst6|13~0'
        Info: 7: + IC(0.000 ns) + CELL(0.084 ns) = 2.797 ns; Loc. = LCFF_X62_Y1_N21; Fanout = 4; REG Node = 'temporizador:inst|74160:inst6|9'
        Info: Total cell delay = 1.219 ns ( 43.58 % )
        Info: Total interconnect delay = 1.578 ns ( 56.42 % )
    Info: - Smallest clock skew is 0.000 ns
        Info: + Shortest clock path from clock "CLOCK" to destination register is 2.668 ns
            Info: 1: + IC(0.000 ns) + CELL(0.979 ns) = 0.979 ns; Loc. = PIN_D13; Fanout = 1; CLK Node = 'CLOCK'
            Info: 2: + IC(0.113 ns) + CELL(0.000 ns) = 1.092 ns; Loc. = CLKCTRL_G11; Fanout = 24; COMB Node = 'CLOCK~clkctrl'
            Info: 3: + IC(1.039 ns) + CELL(0.537 ns) = 2.668 ns; Loc. = LCFF_X62_Y1_N21; Fanout = 4; REG Node = 'temporizador:inst|74160:inst6|9'
            Info: Total cell delay = 1.516 ns ( 56.82 % )
            Info: Total interconnect delay = 1.152 ns ( 43.18 % )
        Info: - Longest clock path from clock "CLOCK" to source register is 2.668 ns
            Info: 1: + IC(0.000 ns) + CELL(0.979 ns) = 0.979 ns; Loc. = PIN_D13; Fanout = 1; CLK Node = 'CLOCK'
            Info: 2: + IC(0.113 ns) + CELL(0.000 ns) = 1.092 ns; Loc. = CLKCTRL_G11; Fanout = 24; COMB Node = 'CLOCK~clkctrl'
            Info: 3: + IC(1.039 ns) + CELL(0.537 ns) = 2.668 ns; Loc. = LCFF_X62_Y1_N1; Fanout = 3; REG Node = 'temporizador:inst|74161:inst|f74161:sub|99'
            Info: Total cell delay = 1.516 ns ( 56.82 % )
            Info: Total interconnect delay = 1.152 ns ( 43.18 % )
    Info: + Micro clock to output delay of source is 0.250 ns
    Info: + Micro setup delay of destination is -0.036 ns
Info: tco from clock "CLOCK" to destination pin "LED1S" through register "temporizador:inst|74160:inst6|9" is 8.135 ns
    Info: + Longest clock path from clock "CLOCK" to source register is 2.668 ns
        Info: 1: + IC(0.000 ns) + CELL(0.979 ns) = 0.979 ns; Loc. = PIN_D13; Fanout = 1; CLK Node = 'CLOCK'
        Info: 2: + IC(0.113 ns) + CELL(0.000 ns) = 1.092 ns; Loc. = CLKCTRL_G11; Fanout = 24; COMB Node = 'CLOCK~clkctrl'
        Info: 3: + IC(1.039 ns) + CELL(0.537 ns) = 2.668 ns; Loc. = LCFF_X62_Y1_N21; Fanout = 4; REG Node = 'temporizador:inst|74160:inst6|9'
        Info: Total cell delay = 1.516 ns ( 56.82 % )
        Info: Total interconnect delay = 1.152 ns ( 43.18 % )
    Info: + Micro clock to output delay of source is 0.250 ns
    Info: + Longest register to pin delay is 5.217 ns
        Info: 1: + IC(0.000 ns) + CELL(0.000 ns) = 0.000 ns; Loc. = LCFF_X62_Y1_N21; Fanout = 4; REG Node = 'temporizador:inst|74160:inst6|9'
        Info: 2: + IC(0.753 ns) + CELL(0.398 ns) = 1.151 ns; Loc. = LCCOMB_X60_Y1_N28; Fanout = 2; COMB Node = 'temporizador:inst|inst7~0'
        Info: 3: + IC(0.271 ns) + CELL(0.420 ns) = 1.842 ns; Loc. = LCCOMB_X60_Y1_N0; Fanout = 1; COMB Node = 'temporizador:inst|inst11~head_lut'
        Info: 4: + IC(0.567 ns) + CELL(2.808 ns) = 5.217 ns; Loc. = PIN_AE22; Fanout = 0; PIN Node = 'LED1S'
        Info: Total cell delay = 3.626 ns ( 69.50 % )
        Info: Total interconnect delay = 1.591 ns ( 30.50 % )
Info: Quartus II Classic Timing Analyzer was successful. 0 errors, 3 warnings
    Info: Peak virtual memory: 173 megabytes
    Info: Processing ended: Fri Feb 23 14:41:21 2024
    Info: Elapsed time: 00:00:03
    Info: Total CPU time (on all processors): 00:00:01


