--------------------------------------------------------------------------------------
Timing Analyzer Summary
--------------------------------------------------------------------------------------

Type           : Worst-case tco
Slack          : N/A
Required Time  : None
Actual Time    : 8.135 ns
From           : temporizador:inst|74160:inst6|9
To             : LED1S
From Clock     : CLOCK
To Clock       : --
Failed Paths   : 0

Type           : Clock Setup: 'CLOCK'
Slack          : N/A
Required Time  : None
Actual Time    : 332.12 MHz ( period = 3.011 ns )
From           : temporizador:inst|74161:inst|f74161:sub|99
To             : temporizador:inst|74160:inst6|9
From Clock     : CLOCK
To Clock       : CLOCK
Failed Paths   : 0

Type           : Total number of failed paths
Slack          : 
Required Time  : 
Actual Time    : 
From           : 
To             : 
From Clock     : 
To Clock       : 
Failed Paths   : 0

--------------------------------------------------------------------------------------

